// Jest Snapshot v1, https://goo.gl/fbAQLP

exports[`Header 1`] = `
<div
  className="makeStyles-header-1"
>
  <header
    className="MuiPaper-root MuiAppBar-root MuiAppBar-positionStatic MuiAppBar-colorPrimary MuiPaper-elevation4"
  >
    <div
      className="MuiToolbar-root MuiToolbar-regular MuiToolbar-gutters"
    >
      <h6
        className="MuiTypography-root MuiTypography-h6"
      >
        MathCalc
      </h6>
    </div>
  </header>
</div>
`;
